// Jest Snapshot v1, https://goo.gl/fbAQLP

exports[`renders correctly 1`] = `
<View
  style={
    Array [
      Object {
        "alignItems": "center",
        "aspectRatio": 1,
        "backgroundColor": "white",
        "justifyContent": "center",
      },
      Object {
        "borderRadius": 60,
        "height": 120,
      },
    ]
  }
>
  <Image
    source={1}
    style={
      Array [
        Object {
          "aspectRatio": 1,
        },
        Object {
          "height": 60,
        },
      ]
    }
  />
</View>
`;
